yodan@trainee-yodan:~/learning-Git$ cat README.md 
# learning-Git
Simon notes on Git and Linux

#learning Git
1.Git GitIntro

2.learning Linux
yodan@trainee-yodan:~/learning-Git$ cat README.md 
# learning-Git
Simon notes on Git and Linux

#learning Git
1.Git GitIntro

2.learning Linux
yodan@trainee-yodan:~/learning-Git$ pwd
/home/yodan/learning-Git
yodan@trainee-yodan:~/learning-Git$ cd
yodan@trainee-yodan:~$ cd training/
yodan@trainee-yodan:~/training$ pwd
/home/yodan/training
yodan@trainee-yodan:~/training$ cat RE
cat: RE: No such file or directory
yodan@trainee-yodan:~/training$ cat README.md
cat: README.md: No such file or directory
yodan@trainee-yodan:~/training$ cd learning-Git/
yodan@trainee-yodan:~/training/learning-Git$ cat README.md 
# learning-Git
Simon notes on Git and Linux

#learning Git


somke notes on gits and linux

yodan@trainee-yodan:~/training/learning-Git$ git status
On branch main
Your branch is up to date with 'origin/main'.

Changes not staged for commit:
  (use "git add <file>..." to update what will be committed)
  (use "git restore <file>..." to discard changes in working directory)
	modified:   README.md

no changes added to commit (use "git add" and/or "git commit -a")
yodan@trainee-yodan:~/training/learning-Git$ git add .
yodan@trainee-yodan:~/training/learning-Git$ git status
On branch main
Your branch is up to date with 'origin/main'.

Changes to be committed:
  (use "git restore --staged <file>..." to unstage)
	modified:   README.md

yodan@trainee-yodan:~/training/learning-Git$ git commit -m "small changes to README.md"
[main 6d9fd7c] small changes to README.md
 1 file changed, 3 insertions(+), 2 deletions(-)
yodan@trainee-yodan:~/training/learning-Git$ git push
Enumerating objects: 5, done.
Counting objects: 100% (5/5), done.
Delta compression using up to 4 threads
Compressing objects: 100% (3/3), done.
Writing objects: 100% (3/3), 360 bytes | 360.00 KiB/s, done.
Total 3 (delta 0), reused 0 (delta 0), pack-reused 0
To github.com:ydewan17/learning-Git.git
   aab4bfe..6d9fd7c  main -> main
yodan@trainee-yodan:~/training/learning-Git$ cd
yodan@trainee-yodan:~$ cd learning-Git/
yodan@trainee-yodan:~/learning-Git$ ls
README.md
yodan@trainee-yodan:~/learning-Git$ pwd
/home/yodan/learning-Git
yodan@trainee-yodan:~/learning-Git$ cat README.md 
# learning-Git
Simon notes on Git and Linux

#learning Git
1.Git GitIntro

2.learning Linux
yodan@trainee-yodan:~/learning-Git$ git status
On branch main
Your branch is up to date with 'origin/main'.

nothing to commit, working tree clean
yodan@trainee-yodan:~/learning-Git$ git pull
remote: Enumerating objects: 5, done.
remote: Counting objects: 100% (5/5), done.
remote: Compressing objects: 100% (3/3), done.
remote: Total 3 (delta 0), reused 3 (delta 0), pack-reused 0
Unpacking objects: 100% (3/3), 340 bytes | 340.00 KiB/s, done.
From github.com:ydewan17/learning-Git
   aab4bfe..6d9fd7c  main       -> origin/main
Updating aab4bfe..6d9fd7c
Fast-forward
 README.md | 5 +++--
 1 file changed, 3 insertions(+), 2 deletions(-)
yodan@trainee-yodan:~/learning-Git$ cat README.md 
# learning-Git
Simon notes on Git and Linux

#learning Git


somke notes on gits and linux

yodan@trainee-yodan:~/learning-Git$ git status
On branch main
Your branch is up to date with 'origin/main'.

nothing to commit, working tree clean
yodan@trainee-yodan:~/learning-Git$ pwd
/home/yodan/learning-Git
yodan@trainee-yodan:~/learning-Git$ git checkout -b trial
Switched to a new branch 'trial'
yodan@trainee-yodan:~/learning-Git$ pwd
/home/yodan/learning-Git
yodan@trainee-yodan:~/learning-Git$ ls
README.md
yodan@trainee-yodan:~/learning-Git$ git status
On branch trial
nothing to commit, working tree clean
yodan@trainee-yodan:~/learning-Git$ git branch
  main
* trial
yodan@trainee-yodan:~/learning-Git$ git checkout main
Switched to branch 'main'
Your branch is up to date with 'origin/main'.
yodan@trainee-yodan:~/learning-Git$ git status
On branch main
Your branch is up to date with 'origin/main'.

nothing to commit, working tree clean
yodan@trainee-yodan:~/learning-Git$ git chechout trial
git: 'chechout' is not a git command. See 'git --help'.

The most similar command is
	checkout
yodan@trainee-yodan:~/learning-Git$ git checkout trial
Switched to branch 'trial'
yodan@trainee-yodan:~/learning-Git$ touch animals.md
yodan@trainee-yodan:~/learning-Git$ ls
animals.md  README.md
yodan@trainee-yodan:~/learning-Git$ ls -l
total 4
-rw-rw-r-- 1 yodan yodan  0 Oct 19 13:38 animals.md
-rw-rw-r-- 1 yodan yodan 92 Oct 19 13:21 README.md
yodan@trainee-yodan:~/learning-Git$ git status
On branch trial
Untracked files:
  (use "git add <file>..." to include in what will be committed)
	animals.md

nothing added to commit but untracked files present (use "git add" to track)
yodan@trainee-yodan:~/learning-Git$ cat animals.md 
- cow
- dog
- cat
- batyodan@trainee-yodan:~/learning-Git$ cat animals.md 


#here are the animal

- cow
- dog
   -Labrador
   -collie
   -dobermann
- cat
- batyodan@trainee-yodan:~/learning-Git$ git add .
yodan@trainee-yodan:~/learning-Git$ git status
On branch trial
Changes to be committed:
  (use "git restore --staged <file>..." to unstage)
	new file:   animals.md

yodan@trainee-yodan:~/learning-Git$ git commit -m "New animals to discuss"
[trial f7df649] New animals to discuss
 1 file changed, 11 insertions(+)
 create mode 100644 animals.md
yodan@trainee-yodan:~/learning-Git$ git checkout main
Switched to branch 'main'
Your branch is up to date with 'origin/main'.
yodan@trainee-yodan:~/learning-Git$ ls
README.md
yodan@trainee-yodan:~/learning-Git$ gir checkout trial
Command 'gir' not found, did you mean:
  command 'gid' from deb id-utils (4.6.28-20200521ss15dab)
  command 'gie' from deb proj-bin (8.2.1-1)
  command 'gio' from deb libglib2.0-bin (2.72.1-1)
  command 'git' from deb git (1:2.34.1-1ubuntu1.5)
  command 'gip' from deb gip (1.7.0-1-5)
  command 'xir' from deb libxir-utils (1.4-2ubuntu1)
  command 'dir' from deb coreutils (8.32-4.1ubuntu1)
  command 'gpr' from deb gpr (0.15deb-2build1)
Try: sudo apt install <deb name>
yodan@trainee-yodan:~/learning-Git$ git checkout trial
Switched to branch 'trial'
yodan@trainee-yodan:~/learning-Git$ ls
animals.md  README.md
yodan@trainee-yodan:~/learning-Git$ git checkout main
Switched to branch 'main'
Your branch is up to date with 'origin/main'.
yodan@trainee-yodan:~/learning-Git$ ls
README.md
yodan@trainee-yodan:~/learning-Git$ git status
On branch main
Your branch is up to date with 'origin/main'.

nothing to commit, working tree clean
yodan@trainee-yodan:~/learning-Git$ git merge trial
Updating 6d9fd7c..f7df649
Fast-forward
 animals.md | 11 +++++++++++
 1 file changed, 11 insertions(+)
 create mode 100644 animals.md
yodan@trainee-yodan:~/learning-Git$ ls
animals.md  README.md
yodan@trainee-yodan:~/learning-Git$ cat animals.md 


#here are the animal

- cow
- dog
   -Labrador
   -collie
   -dobermann
- cat
- batyodan@trainee-yodan:~/learning-Git$ git push
Enumerating objects: 4, done.
Counting objects: 100% (4/4), done.
Delta compression using up to 4 threads
Compressing objects: 100% (3/3), done.
Writing objects: 100% (3/3), 386 bytes | 386.00 KiB/s, done.
Total 3 (delta 0), reused 0 (delta 0), pack-reused 0
To github.com:ydewan17/learning-Git.git
   6d9fd7c..f7df649  main -> main
yodan@trainee-yodan:~/learning-Git$ 

